Resolving dependencies...
Downloading packages...
+ _flutterfire_internals 1.3.77
+ args 2.7.0
+ async 2.13.1
  characters 1.4.1 (from direct dependency to transitive dependency)
+ clock 1.1.3
+ cloud_firestore 6.10.0
+ cloud_firestore_platform_interface 8.0.7
+ cloud_firestore_web 5.7.3
  collection 1.19.1 (from direct dependency to transitive dependency)
+ cross_file 0.3.5+5 (0.4.0 available)
+ dbus 0.7.15 (0.8.0 available)
+ ffi 2.2.0
+ ffi_leak_tracker 0.1.2
+ file 7.0.1
+ file_selector_linux 0.9.4+1
+ file_selector_macos 0.9.5+1
+ file_selector_platform_interface 2.7.0
+ file_selector_windows 0.9.3+6
+ firebase_auth 6.7.0
+ firebase_auth_platform_interface 9.1.0
+ firebase_auth_web 6.3.0
+ firebase_core 4.15.0
+ firebase_core_platform_interface 8.1.1
+ firebase_core_web 3.12.0
+ firebase_messaging 16.7.0
+ firebase_messaging_platform_interface 4.10.0
+ firebase_messaging_web 4.2.5
+ flutter 0.0.0 from sdk flutter
+ flutter_local_notifications 19.5.0 (22.3.1 available)
+ flutter_local_notifications_linux 6.0.0 (8.0.1 available)
+ flutter_local_notifications_platform_interface 9.1.0 (12.2.0 available)
+ flutter_local_notifications_windows 1.0.3 (3.1.1 available)
+ flutter_plugin_android_lifecycle 2.0.35
+ flutter_web_plugins 0.0.0 from sdk flutter
+ http 1.6.0
+ http_parser 4.1.2
+ image_picker 1.2.3
+ image_picker_android 0.8.13+23
+ image_picker_for_web 3.1.1
+ image_picker_ios 0.8.13+8
+ image_picker_linux 0.2.2
+ image_picker_macos 0.2.2+1
+ image_picker_platform_interface 2.11.1
+ image_picker_windows 0.2.2
  material_color_utilities 0.13.0 (from direct dependency to transitive dependency) (0.13.1 available)
  meta 1.18.3 (from direct dependency to transitive dependency) (1.19.0 available)
+ mime 2.1.0
+ package_info_plus 10.2.1
+ package_info_plus_platform_interface 4.1.0
+ path 1.9.1
+ path_provider_linux 2.2.2
+ path_provider_platform_interface 2.1.3
+ path_provider_windows 2.3.0
+ permission_handler 13.0.2
+ permission_handler_android 14.1.0
+ permission_handler_apple 9.6.1
+ permission_handler_html 0.1.4+1
+ permission_handler_platform_interface 4.4.1
+ permission_handler_windows 0.2.2
+ petitparser 7.0.2
+ platform 3.2.0
+ plugin_platform_interface 2.1.8
+ shared_preferences 2.5.5
+ shared_preferences_android 2.4.28
+ shared_preferences_foundation 2.5.7
+ shared_preferences_linux 2.4.1
+ shared_preferences_platform_interface 2.4.2
+ shared_preferences_web 2.4.3
+ shared_preferences_windows 2.4.1
+ sky_engine 0.0.0 from sdk flutter
+ source_span 1.10.2
+ string_scanner 1.4.1
+ term_glyph 1.2.2
+ timezone 0.10.1 (0.11.1 available)
+ typed_data 1.4.0
+ url_launcher 6.3.2
+ url_launcher_android 6.3.33
+ url_launcher_ios 6.4.2
+ url_launcher_linux 3.2.3
+ url_launcher_macos 3.2.6
+ url_launcher_platform_interface 2.3.2
+ url_launcher_web 2.4.3
+ url_launcher_windows 3.1.6
  vector_math 2.4.0 (from direct dependency to transitive dependency) (2.4.3 available)
+ web 1.1.1
+ win32 6.4.0
+ xdg_directories 1.1.0
+ xml 6.6.1 (7.0.1 available)
+ yaml 3.1.4
Changed 89 dependencies!
11 packages have newer versions incompatible with dependency constraints.
Try `flutter pub outdated` for more information.
Running Gradle task 'assembleRelease'...                        
Warning: The plugin permission_handler_android requires Android SDK version 37 or higher.
For more information about build configuration, see https://flutter.dev/to/review-gradle-config.
WARNING: Your app uses the following plugins that apply Kotlin Gradle Plugin (KGP): firebase_auth, firebase_core
Future versions of Flutter will fail to build if your app uses plugins that apply KGP.

Please check the changelogs of these plugins and upgrade to a version that supports Built-in Kotlin.
If no such version exists, report the issue to the plugin. If necessary, here is a guide on filing
an issue against a plugin: https://docs.flutter.dev/release/breaking-changes/migrate-to-built-in-kotlin/for-app-developers#report-incompatible-kotlin-gradle-plugin-usage-to-plugin-authors

If you are a plugin author, please migrate your plugin to Built-in Kotlin using this guide: https://docs.flutter.dev/release/breaking-changes/migrate-to-built-in-kotlin/for-plugin-authors
Font asset "MaterialIcons-Regular.otf" was tree-shaken, reducing it from 1645184 to 5096 bytes (99.7% reduction). Tree-shaking can be disabled by providing the --no-tree-shake-icons flag when building your app.
Your project is configured to compile against Android SDK 36, but the following plugin(s) require to be compiled against a higher Android SDK version:
- permission_handler_android compiles against Android SDK 37
Fix this issue by compiling against the highest Android SDK version (they are backward compatible).
Add the following to /home/runner/work/groupe-agricole-lfa/groupe-agricole-lfa/app_build/android/app/build.gradle.kts:

    android {
        compileSdk = 37
        ...
    }
Note: /home/runner/.pub-cache/hosted/pub.dev/cloud_firestore-6.10.0/android/src/main/java/io/flutter/plugins/firebase/firestore/utils/PipelineStageHandlers.java uses unchecked or unsafe operations.
Note: Recompile with -Xlint:unchecked for details.
Note: Some input files use or override a deprecated API.
Note: Recompile with -Xlint:deprecation for details.

FAILURE: Build failed with an exception.

* What went wrong:
Execution failed for task ':app:checkReleaseAarMetadata'.
> A failure occurred while executing com.android.build.gradle.internal.tasks.CheckAarMetadataWorkAction
   > An issue was found when checking AAR metadata:

       1.  Dependency ':permission_handler_android' requires libraries and applications that
           depend on it to compile against version 37 or later of the
           Android APIs.

           :app is currently compiled against android-36.

           Also, the maximum recommended compile SDK version for Android Gradle
           plugin 9.1.0 is 36.

           Recommended action: Update this project's version of the Android Gradle
           plugin to one that supports 37, then update this project to use
           compileSdk of at least 37.

           Note that updating a library or application's compileSdk (which
           allows newer APIs to be used) can be done separately from updating
           targetSdk (which opts the app in to new runtime behavior) and
           minSdk (which determines which devices the app can be installed
           on).

* Try:
> Run with --stacktrace option to get the stack trace.
> Run with --info or --debug option to get more log output.
> Run with --scan to get full insights from a Build Scan (powered by Develocity).
> Get more help at https://help.gradle.org.

BUILD FAILED in 6m 21s
Running Gradle task 'assembleRelease'...                          382.0s
Gradle task assembleRelease failed with exit code 1
