Création de l'application web : {'name': 'operations/workflows/ODBlZTczMjUtOTlkMS00OGNlLThhOTAtMWNhMDk1MWNlYTll'}
Configuration web Firebase obtenue.
Domaines autorisés : 200
Version web préparée.
Resolving dependencies...
Downloading packages...
+ _flutterfire_internals 1.3.77
+ args 2.7.0
+ async 2.13.1
  characters 1.4.1 (from direct dependency to transitive dependency)
+ clock 1.1.3
+ cloud_firestore 6.10.0
+ cloud_firestore_platform_interface 8.0.7
+ cloud_firestore_web 5.7.3
  collection 1.19.1 (from direct dependency to transitive dependency)
+ cross_file 0.3.5+5 (0.4.0 available)
+ dbus 0.7.15 (0.8.0 available)
+ ffi 2.2.0
+ ffi_leak_tracker 0.1.2
+ file 7.0.1
+ file_selector_linux 0.9.4+1
+ file_selector_macos 0.9.5+1
+ file_selector_platform_interface 2.7.0
+ file_selector_windows 0.9.3+6
+ firebase_auth 6.7.0
+ firebase_auth_platform_interface 9.1.0
+ firebase_auth_web 6.3.0
+ firebase_core 4.15.0
+ firebase_core_platform_interface 8.1.1
+ firebase_core_web 3.12.0
+ firebase_messaging 16.7.0
+ firebase_messaging_platform_interface 4.10.0
+ firebase_messaging_web 4.2.5
+ flutter 0.0.0 from sdk flutter
+ flutter_local_notifications 19.5.0 (22.3.1 available)
+ flutter_local_notifications_linux 6.0.0 (8.0.1 available)
+ flutter_local_notifications_platform_interface 9.1.0 (12.2.0 available)
+ flutter_local_notifications_windows 1.0.3 (3.1.1 available)
+ flutter_plugin_android_lifecycle 2.0.35
+ flutter_web_plugins 0.0.0 from sdk flutter
+ http 1.6.0
+ http_parser 4.1.2
+ image_picker 1.2.4
+ image_picker_android 0.8.13+25
+ image_picker_for_web 3.1.1
+ image_picker_ios 0.8.13+10
+ image_picker_linux 0.2.2
+ image_picker_macos 0.2.2+1
+ image_picker_platform_interface 2.11.2
+ image_picker_windows 0.2.2
  material_color_utilities 0.13.0 (from direct dependency to transitive dependency) (0.13.1 available)
  meta 1.18.3 (from direct dependency to transitive dependency) (1.19.0 available)
+ mime 2.1.0
+ package_info_plus 10.2.2
+ package_info_plus_platform_interface 4.1.0
+ path 1.9.1
+ path_provider_linux 2.2.2
+ path_provider_platform_interface 2.1.3
+ path_provider_windows 2.3.0
+ petitparser 7.0.2 (7.1.0 available)
+ platform 3.2.0
+ plugin_platform_interface 2.1.8
+ shared_preferences 2.5.6
+ shared_preferences_android 2.4.28
+ shared_preferences_foundation 2.5.7
+ shared_preferences_linux 2.4.1
+ shared_preferences_platform_interface 2.4.2
+ shared_preferences_web 2.4.3
+ shared_preferences_windows 2.4.1
+ sky_engine 0.0.0 from sdk flutter
+ source_span 1.10.2
+ string_scanner 1.4.1
+ term_glyph 1.2.2
+ timezone 0.10.1 (0.11.1 available)
+ typed_data 1.4.0
+ url_launcher 6.3.3
+ url_launcher_android 6.3.33
+ url_launcher_ios 6.4.2
+ url_launcher_linux 3.2.3
+ url_launcher_macos 3.2.6
+ url_launcher_platform_interface 2.3.2
+ url_launcher_web 2.4.3
+ url_launcher_windows 3.1.6
  vector_math 2.4.0 (from direct dependency to transitive dependency) (2.4.3 available)
+ web 1.1.1
+ win32 6.4.0
+ xdg_directories 1.1.0
+ xml 6.6.1 (7.1.0 available)
Changed 82 dependencies!
12 packages have newer versions incompatible with dependency constraints.
Try `flutter pub outdated` for more information.
Compiling lib/main.dart for the Web...                          
Wasm dry run succeeded. Consider building and testing your application with the `--wasm` flag. See docs for more info: https://docs.flutter.dev/platform-integration/web/wasm
Use --no-wasm-dry-run to disable these warnings.
Expected to find fonts for (MaterialIcons, packages/cupertino_icons/CupertinoIcons), but found (MaterialIcons). This usually means you are referring to font families in an IconData class but not including them in the assets section of your pubspec.yaml, are missing the package that would include them, or are missing "uses-material-design: true".
Font asset "MaterialIcons-Regular.otf" was tree-shaken, reducing it from 1645184 to 11588 bytes (99.3% reduction). Tree-shaking can be disabled by providing the --no-tree-shake-icons flag when building your app.
Compiling lib/main.dart for the Web...                             35.7s
✓ Built build/web
npm warn deprecated node-domexception@1.0.0: Use your platform's native DOMException instead
npm warn deprecated uuid@9.0.1: uuid@10 and below is no longer supported.  For ESM codebases, update to uuid@latest.  For CommonJS codebases, use uuid@11 (but be aware this version will likely be deprecated in 2028).
npm warn deprecated json-ptr@3.1.1: Package no longer supported. Contact Support at https://www.npmjs.com/support for more info.
npm warn deprecated uuid@8.3.2: uuid@10 and below is no longer supported.  For ESM codebases, update to uuid@latest.  For CommonJS codebases, use uuid@11 (but be aware this version will likely be deprecated in 2028).
npm warn deprecated glob@10.5.0: Old versions of glob are not supported, and contain widely publicized security vulnerabilities, which have been fixed in the current version. Please update. Support for old versions may be purchased (at exorbitant rates) by contacting i@izs.me

[1m[37m===[39m Deploying to 'lfarm-1e4fe'...[22m

[36m[1mi [22m[39m deploying [1mhosting[22m
[36m[1mi  hosting[lfarm-1e4fe]:[22m[39m beginning deploy...
[36m[1mi  hosting[lfarm-1e4fe]:[22m[39m found 39 files in [1mbuild/web[22m
[36m[1mi  hosting:[22m[39m uploading new files [2/37] ([1m[32m5%[39m[22m)
[36m[1mi  hosting:[22m[39m upload complete
[32m[1m✔  hosting[lfarm-1e4fe]:[22m[39m file upload complete
[36m[1mi  hosting[lfarm-1e4fe]:[22m[39m finalizing version...
[32m[1m✔  hosting[lfarm-1e4fe]:[22m[39m version finalized
[36m[1mi  hosting[lfarm-1e4fe]:[22m[39m releasing new version...
[32m[1m✔  hosting[lfarm-1e4fe]:[22m[39m release complete

[32m[1m✔ [22m[39m [1m[4mDeploy complete![24m[22m

[1mProject Console:[22m https://console.firebase.google.com/project/lfarm-1e4fe/overview
[1mHosting URL:[22m https://lfarm-1e4fe.web.app
SITE: https://lfarm-1e4fe.web.app
firebase=success
